[GC (Allocation Failure)  33792K->1384K(125952K), 0.0029430 secs]
[GC (Allocation Failure)  35176K->1096K(125952K), 0.0020180 secs]
[GC (Allocation Failure)  34888K->1048K(125952K), 0.0016130 secs]
[GC (Allocation Failure)  34840K->1064K(125952K), 0.0016680 secs]
[GC (Allocation Failure)  34856K->1064K(121856K), 0.0015980 secs]
[GC (Allocation Failure)  34344K->1048K(121344K), 0.0018680 secs]
[GC (Allocation Failure)  33816K->1004K(119808K), 0.0020090 secs]
[GC (Allocation Failure)  33260K->1036K(119296K), 0.0005220 secs]
[GC (Allocation Failure)  32780K->1036K(120320K), 0.0004990 secs]
[GC (Allocation Failure)  32268K->1036K(118272K), 0.0039690 secs]
[GC (Allocation Failure)  31756K->1036K(120832K), 0.0104050 secs]
[GC (Allocation Failure)  32780K->1036K(138240K), 0.0007600 secs]
[GC (Allocation Failure)  50188K->1004K(138240K), 0.0104850 secs]
[GC (Allocation Failure)  50156K->1036K(167936K), 0.0005910 secs]
[GC (Allocation Failure)  79884K->1036K(167936K), 0.0007080 secs]
[GC (Allocation Failure)  79884K->1036K(163840K), 0.0005820 secs]
[GC (Allocation Failure)  77324K->1036K(162816K), 0.0004150 secs]
[GC (Allocation Failure)  74764K->1004K(159232K), 0.0005700 secs]
[GC (Allocation Failure)  72684K->1036K(158208K), 0.0005450 secs]
[GC (Allocation Failure)  70668K->1036K(155136K), 0.0005540 secs]
[GC (Allocation Failure)  68620K->1036K(154112K), 0.0005430 secs]
[GC (Allocation Failure)  66572K->1004K(151040K), 0.0011820 secs]
