[GC (Allocation Failure)  64492K->1100K(150016K), 0.0023850 secs]
[GC (Allocation Failure)  62540K->1076K(147456K), 0.0007290 secs]
[GC (Allocation Failure)  60980K->1108K(146944K), 0.0005870 secs]
[GC (Allocation Failure)  59476K->1076K(144384K), 0.0006420 secs]
[GC (Allocation Failure)  57908K->1108K(143360K), 0.0103520 secs]
[GC (Allocation Failure)  56404K->1108K(141312K), 0.0006020 secs]
[GC (Allocation Failure)  54868K->1108K(140288K), 0.0007060 secs]
[GC (Allocation Failure)  53332K->1108K(138240K), 0.0004900 secs]
[GC (Allocation Failure)  51796K->1108K(137728K), 0.0005450 secs]
[GC (Allocation Failure)  50772K->1108K(136192K), 0.0005570 secs]
[GC (Allocation Failure)  49748K->1108K(135680K), 0.0005190 secs]
[GC (Allocation Failure)  48724K->1108K(134144K), 0.0022710 secs]
[GC (Allocation Failure)  47700K->1108K(146432K), 0.0103440 secs]
[GC (Allocation Failure)  59476K->1108K(160768K), 0.0005440 secs]
[GC (Allocation Failure)  74324K->1076K(158720K), 0.0005190 secs]
[GC (Allocation Failure)  72244K->1076K(156672K), 0.0005450 secs]
[GC (Allocation Failure)  70196K->1108K(154624K), 0.0005710 secs]
[GC (Allocation Failure)  68180K->1076K(152576K), 0.0006030 secs]
[GC (Allocation Failure)  66100K->1044K(150528K), 0.0004420 secs]
[GC (Allocation Failure)  64020K->1108K(148480K), 0.0005700 secs]
[GC (Allocation Failure)  62036K->1108K(146944K), 0.0004820 secs]
[GC (Allocation Failure)  60500K->1108K(160256K), 0.0103140 secs]
[GC (Allocation Failure)  73812K->1044K(158208K), 0.0005180 secs]
[GC (Allocation Failure)  71700K->1044K(156160K), 0.0005300 secs]
[GC (Allocation Failure)  69652K->1108K(154112K), 0.0005400 secs]
[GC (Allocation Failure)  67668K->1108K(152064K), 0.0018480 secs]
[GC (Allocation Failure)  65620K->1076K(165888K), 0.0103900 secs]
[GC (Allocation Failure)  79412K->1108K(182784K), 0.0004780 secs]
[GC (Allocation Failure)  96340K->1108K(179712K), 0.0005750 secs]
[GC (Allocation Failure)  93268K->1076K(176640K), 0.0005270 secs]
[GC (Allocation Failure)  90164K->1076K(173568K), 0.0016840 secs]
[GC (Allocation Failure)  87092K->1076K(170496K), 0.0007980 secs]
[GC (Allocation Failure)  84020K->1108K(167936K), 0.0103230 secs]
[GC (Allocation Failure)  81492K->1076K(165376K), 0.0006150 secs]
[GC (Allocation Failure)  78900K->1108K(162816K), 0.0005500 secs]
[GC (Allocation Failure)  76372K->1108K(160256K), 0.0005070 secs]
[GC (Allocation Failure)  73812K->1076K(158208K), 0.0005520 secs]
[GC (Allocation Failure)  71732K->1108K(156160K), 0.0005620 secs]
[GC (Allocation Failure)  69716K->1108K(169984K), 0.0203520 secs]
[GC (Allocation Failure)  83540K->1108K(186880K), 0.0005080 secs]
[GC (Allocation Failure)  100436K->1108K(206848K), 0.0007260 secs]
[GC (Allocation Failure)  120404K->1108K(202240K), 0.0006730 secs]
[GC (Allocation Failure)  115796K->1076K(198144K), 0.0004570 secs]
[GC (Allocation Failure)  111668K->1076K(194048K), 0.0005610 secs]